{"timestamp":"2026-03-20T01:34:45.766Z","toolName":"test-runner","level":"info","action":"test-run-start","status":"info","details":{"mode":"all"},"pid":1680935}
{"timestamp":"2026-03-20T01:34:45.771Z","toolName":"test-runner","level":"info","action":"discover-tools","status":"info","details":{"toolsFound":4,"tools":["launcher.html","network-mapper.html","network-scanner.py","onboarding-form.html"]},"pid":1680935}
{"timestamp":"2026-03-20T01:34:45.771Z","toolName":"test-runner","level":"debug","action":"test-start","status":"info","details":{"file":"launcher.html"},"pid":1680935}
{"timestamp":"2026-03-20T01:34:45.773Z","toolName":"test-runner","level":"info","action":"test-complete","status":"success","details":{"file":"launcher.html","checks":{"fileSize":34153,"lines":983,"hasDoctype":true,"hasHtmlTag":true,"hasHeadTag":true,"hasBodyTag":true,"hasTitle":true,"openTags":93,"closeTags":81,"hasScripts":true}},"pid":1680935}
{"timestamp":"2026-03-20T01:34:45.773Z","toolName":"test-runner","level":"debug","action":"test-start","status":"info","details":{"file":"network-mapper.html"},"pid":1680935}
{"timestamp":"2026-03-20T01:34:45.773Z","toolName":"test-runner","level":"info","action":"test-complete","status":"success","details":{"file":"network-mapper.html","checks":{"fileSize":26463,"lines":718,"hasDoctype":true,"hasHtmlTag":true,"hasHeadTag":true,"hasBodyTag":true,"hasTitle":true,"openTags":100,"closeTags":57,"hasScripts":true}},"pid":1680935}
{"timestamp":"2026-03-20T01:34:45.773Z","toolName":"test-runner","level":"debug","action":"test-start","status":"info","details":{"file":"network-scanner.py"},"pid":1680935}
{"timestamp":"2026-03-20T01:34:45.811Z","toolName":"test-runner","level":"info","action":"test-complete","status":"success","details":{"file":"network-scanner.py","checks":{"fileSize":17325,"lines":504,"syntaxValid":true,"hasShebang":true,"importCount":11,"imports":["import os","import sys","import json","import socket","import subprocess","import ipaddress","import threading","import time","from collections import defaultdict","from datetime import datetime"],"hasOs":true,"hasPathlib":false,"hasMainGuard":true}},"pid":1680935}
{"timestamp":"2026-03-20T01:34:45.812Z","toolName":"test-runner","level":"debug","action":"test-start","status":"info","details":{"file":"onboarding-form.html"},"pid":1680935}
{"timestamp":"2026-03-20T01:34:45.812Z","toolName":"test-runner","level":"info","action":"test-complete","status":"success","details":{"file":"onboarding-form.html","checks":{"fileSize":17473,"lines":581,"hasDoctype":true,"hasHtmlTag":true,"hasHeadTag":true,"hasBodyTag":true,"hasTitle":true,"openTags":191,"closeTags":159,"hasScripts":true}},"pid":1680935}
{"timestamp":"2026-03-20T01:34:45.813Z","toolName":"test-runner","level":"info","action":"test-run-complete","status":"info","details":{"total":4,"passed":4,"failed":0,"errors":[],"warnings":["Tag mismatch detected: 93 opening, 81 closing","Tag mismatch detected: 100 opening, 57 closing","Potential error logging found in scripts","Tag mismatch detected: 191 opening, 159 closing"]},"pid":1680935}
{"timestamp":"2026-03-20T01:34:45.814Z","toolName":"test-runner","level":"info","action":"report-saved","status":"info","details":{"path":"/root/.openclaw/workspace/logs/2026-03-20/test-report.txt"},"pid":1680935}
{"timestamp":"2026-03-20T01:34:48.000Z","toolName":"test-runner","level":"info","action":"test-run-start","status":"info","details":{"mode":"cli"}, "pid":1680984}
{"timestamp":"2026-03-20T01:34:51.000Z","toolName":"test-runner","level":"info","action":"test-run-start","status":"info","details":{"mode":"cli"}, "pid":1681024}
{"timestamp":"2026-03-20T01:35:41.000Z","toolName":"test-runner","level":"info","action":"test-run-start","status":"info","details":{"mode":"cli"}, "pid":1681660}
{"timestamp":"2026-03-20T01:35:41.000Z","toolName":"test-runner","level":"info","action":"validate-html","status":"success","details":{"file":"launcher.html","warnings":0}, "pid":1681660}
{"timestamp":"2026-03-20T01:35:41.000Z","toolName":"test-runner","level":"info","action":"test-run-complete","status":"success","details":{"total":1,"passed":1,"failed":0}, "pid":1681660}
{"timestamp":"2026-03-20T01:35:43.000Z","toolName":"test-runner","level":"info","action":"test-run-start","status":"info","details":{"mode":"cli"}, "pid":1681703}
{"timestamp":"2026-03-20T01:35:43.000Z","toolName":"test-runner","level":"info","action":"validate-html","status":"success","details":{"file":"launcher.html","warnings":0}, "pid":1681703}
{"timestamp":"2026-03-20T01:35:43.000Z","toolName":"test-runner","level":"info","action":"validate-html","status":"success","details":{"file":"network-mapper.html","warnings":0}, "pid":1681703}
{"timestamp":"2026-03-20T01:35:43.000Z","toolName":"test-runner","level":"info","action":"validate-html","status":"success","details":{"file":"onboarding-form.html","warnings":0}, "pid":1681703}
{"timestamp":"2026-03-20T01:35:43.000Z","toolName":"test-runner","level":"info","action":"validate-python","status":"success","details":{"file":"network-scanner.py"}, "pid":1681703}
{"timestamp":"2026-03-20T01:35:43.000Z","toolName":"test-runner","level":"info","action":"test-run-complete","status":"success","details":{"total":4,"passed":4,"failed":0}, "pid":1681703}
{"timestamp":"2026-03-20T01:36:49.165Z","toolName":"example-tool","level":"info","action":"tool-initialize-start","status":"info","details":{"version":"1.0.0","environment":"development"},"pid":1682462}
{"timestamp":"2026-03-20T01:36:49.180Z","toolName":"example-tool","level":"debug","action":"config-load-start","status":"info","details":{"source":"environment"},"pid":1682462}
{"timestamp":"2026-03-20T01:36:49.180Z","toolName":"example-tool","level":"info","action":"config-load-complete","status":"success","details":{"config":{"apiEndpoint":"http://localhost:3000","timeout":5000,"retries":3}},"pid":1682462}
{"timestamp":"2026-03-20T01:36:49.181Z","toolName":"example-tool","level":"info","action":"tool-initialize-complete","status":"success","details":{"configLoaded":true},"pid":1682462}
{"timestamp":"2026-03-20T01:36:49.181Z","toolName":"example-tool","level":"info","action":"process-start","status":"info","details":{"input":"test input data","config":{"apiEndpoint":"http://localhost:3000","timeout":5000,"retries":3}},"pid":1682462}
{"timestamp":"2026-03-20T01:36:49.181Z","toolName":"example-tool","level":"debug","action":"input-validated","status":"info","details":{"inputLength":15},"pid":1682462}
{"timestamp":"2026-03-20T01:36:49.182Z","toolName":"example-tool","level":"debug","action":"work-start","status":"info","details":{"input":"test input data"},"pid":1682462}
{"timestamp":"2026-03-20T01:36:49.283Z","toolName":"example-tool","level":"warn","action":"work-slow","status":"warn","details":{"delayMs":150},"pid":1682462}
{"timestamp":"2026-03-20T01:36:49.284Z","toolName":"example-tool","level":"info","action":"work-complete","status":"success","details":{"input":"test input data","output":"processed: test input data"},"pid":1682462}
{"timestamp":"2026-03-20T01:36:49.285Z","toolName":"example-tool","level":"info","action":"process-complete","status":"success","details":{"input":"test input data","result":"Processed: test input data","durationMs":104},"pid":1682462}
{"timestamp":"2026-03-20T01:36:49.285Z","toolName":"example-tool","level":"info","action":"process-start","status":"info","details":{"input":"operation 1","config":{"apiEndpoint":"http://localhost:3000","timeout":5000,"retries":3}},"pid":1682462}
{"timestamp":"2026-03-20T01:36:49.285Z","toolName":"example-tool","level":"debug","action":"input-validated","status":"info","details":{"inputLength":11},"pid":1682462}
{"timestamp":"2026-03-20T01:36:49.285Z","toolName":"example-tool","level":"debug","action":"work-start","status":"info","details":{"input":"operation 1"},"pid":1682462}
{"timestamp":"2026-03-20T01:36:49.385Z","toolName":"example-tool","level":"warn","action":"work-slow","status":"warn","details":{"delayMs":150},"pid":1682462}
{"timestamp":"2026-03-20T01:36:49.386Z","toolName":"example-tool","level":"info","action":"work-complete","status":"success","details":{"input":"operation 1","output":"processed: operation 1"},"pid":1682462}
{"timestamp":"2026-03-20T01:36:49.386Z","toolName":"example-tool","level":"info","action":"process-complete","status":"success","details":{"input":"operation 1","result":"Processed: operation 1","durationMs":101},"pid":1682462}
{"timestamp":"2026-03-20T01:36:49.386Z","toolName":"example-tool","level":"info","action":"process-start","status":"info","details":{"input":"operation 2","config":{"apiEndpoint":"http://localhost:3000","timeout":5000,"retries":3}},"pid":1682462}
{"timestamp":"2026-03-20T01:36:49.386Z","toolName":"example-tool","level":"debug","action":"input-validated","status":"info","details":{"inputLength":11},"pid":1682462}
{"timestamp":"2026-03-20T01:36:49.386Z","toolName":"example-tool","level":"debug","action":"work-start","status":"info","details":{"input":"operation 2"},"pid":1682462}
{"timestamp":"2026-03-20T01:36:49.487Z","toolName":"example-tool","level":"info","action":"work-complete","status":"success","details":{"input":"operation 2","output":"processed: operation 2"},"pid":1682462}
{"timestamp":"2026-03-20T01:36:49.487Z","toolName":"example-tool","level":"info","action":"process-complete","status":"success","details":{"input":"operation 2","result":"Processed: operation 2","durationMs":101},"pid":1682462}
{"timestamp":"2026-03-20T01:36:49.487Z","toolName":"example-tool","level":"info","action":"process-start","status":"info","details":{"input":"operation 3","config":{"apiEndpoint":"http://localhost:3000","timeout":5000,"retries":3}},"pid":1682462}
{"timestamp":"2026-03-20T01:36:49.488Z","toolName":"example-tool","level":"debug","action":"input-validated","status":"info","details":{"inputLength":11},"pid":1682462}
{"timestamp":"2026-03-20T01:36:49.488Z","toolName":"example-tool","level":"debug","action":"work-start","status":"info","details":{"input":"operation 3"},"pid":1682462}
{"timestamp":"2026-03-20T01:36:49.589Z","toolName":"example-tool","level":"info","action":"work-complete","status":"success","details":{"input":"operation 3","output":"processed: operation 3"},"pid":1682462}
{"timestamp":"2026-03-20T01:36:49.589Z","toolName":"example-tool","level":"info","action":"process-complete","status":"success","details":{"input":"operation 3","result":"Processed: operation 3","durationMs":102},"pid":1682462}
{"timestamp":"2026-03-20T01:36:49.590Z","toolName":"example-tool","level":"info","action":"tool-shutdown-start","status":"info","details":{},"pid":1682462}
{"timestamp":"2026-03-20T01:36:49.590Z","toolName":"example-tool","level":"info","action":"tool-shutdown-complete","status":"success","details":{"uptime":0.492865842},"pid":1682462}
{"timestamp":"2026-03-20T01:37:53.281Z","toolName":"test-runner","level":"info","action":"test-run-start","status":"info","details":{"mode":"all"},"pid":1683187}
{"timestamp":"2026-03-20T01:37:53.286Z","toolName":"test-runner","level":"info","action":"discover-tools","status":"info","details":{"toolsFound":4,"tools":["launcher.html","network-mapper.html","network-scanner.py","onboarding-form.html"]},"pid":1683187}
{"timestamp":"2026-03-20T01:37:53.286Z","toolName":"test-runner","level":"debug","action":"test-start","status":"info","details":{"file":"launcher.html"},"pid":1683187}
{"timestamp":"2026-03-20T01:37:53.287Z","toolName":"test-runner","level":"info","action":"test-complete","status":"success","details":{"file":"launcher.html","checks":{"fileSize":34153,"lines":983,"hasDoctype":true,"hasHtmlTag":true,"hasHeadTag":true,"hasBodyTag":true,"hasTitle":true,"openTags":93,"closeTags":81,"hasScripts":true}},"pid":1683187}
{"timestamp":"2026-03-20T01:37:53.288Z","toolName":"test-runner","level":"debug","action":"test-start","status":"info","details":{"file":"network-mapper.html"},"pid":1683187}
{"timestamp":"2026-03-20T01:37:53.288Z","toolName":"test-runner","level":"info","action":"test-complete","status":"success","details":{"file":"network-mapper.html","checks":{"fileSize":26463,"lines":718,"hasDoctype":true,"hasHtmlTag":true,"hasHeadTag":true,"hasBodyTag":true,"hasTitle":true,"openTags":100,"closeTags":57,"hasScripts":true}},"pid":1683187}
{"timestamp":"2026-03-20T01:37:53.288Z","toolName":"test-runner","level":"debug","action":"test-start","status":"info","details":{"file":"network-scanner.py"},"pid":1683187}
{"timestamp":"2026-03-20T01:37:53.325Z","toolName":"test-runner","level":"info","action":"test-complete","status":"success","details":{"file":"network-scanner.py","checks":{"fileSize":17325,"lines":504,"syntaxValid":true,"hasShebang":true,"importCount":11,"imports":["import os","import sys","import json","import socket","import subprocess","import ipaddress","import threading","import time","from collections import defaultdict","from datetime import datetime"],"hasOs":true,"hasPathlib":false,"hasMainGuard":true}},"pid":1683187}
{"timestamp":"2026-03-20T01:37:53.326Z","toolName":"test-runner","level":"debug","action":"test-start","status":"info","details":{"file":"onboarding-form.html"},"pid":1683187}
{"timestamp":"2026-03-20T01:37:53.326Z","toolName":"test-runner","level":"info","action":"test-complete","status":"success","details":{"file":"onboarding-form.html","checks":{"fileSize":17473,"lines":581,"hasDoctype":true,"hasHtmlTag":true,"hasHeadTag":true,"hasBodyTag":true,"hasTitle":true,"openTags":191,"closeTags":159,"hasScripts":true}},"pid":1683187}
{"timestamp":"2026-03-20T01:37:53.327Z","toolName":"test-runner","level":"info","action":"test-run-complete","status":"info","details":{"total":4,"passed":4,"failed":0,"errors":[],"warnings":["Tag mismatch detected: 93 opening, 81 closing","Tag mismatch detected: 100 opening, 57 closing","Potential error logging found in scripts","Tag mismatch detected: 191 opening, 159 closing"]},"pid":1683187}
{"timestamp":"2026-03-20T01:37:53.327Z","toolName":"test-runner","level":"info","action":"report-saved","status":"info","details":{"path":"/root/.openclaw/workspace/logs/2026-03-20/test-report.txt"},"pid":1683187}
{"timestamp":"2026-03-20T01:37:55.000Z","toolName":"test-runner","level":"info","action":"test-run-start","status":"info","details":{"mode":"cli"}, "pid":1683223}
{"timestamp":"2026-03-20T01:37:55.000Z","toolName":"test-runner","level":"info","action":"validate-html","status":"success","details":{"file":"launcher.html","warnings":0}, "pid":1683223}
{"timestamp":"2026-03-20T01:37:55.000Z","toolName":"test-runner","level":"info","action":"validate-html","status":"success","details":{"file":"network-mapper.html","warnings":0}, "pid":1683223}
{"timestamp":"2026-03-20T01:37:55.000Z","toolName":"test-runner","level":"info","action":"validate-html","status":"success","details":{"file":"onboarding-form.html","warnings":0}, "pid":1683223}
{"timestamp":"2026-03-20T01:37:56.000Z","toolName":"test-runner","level":"info","action":"validate-python","status":"success","details":{"file":"network-scanner.py"}, "pid":1683223}
{"timestamp":"2026-03-20T01:37:56.000Z","toolName":"test-runner","level":"info","action":"test-run-complete","status":"success","details":{"total":4,"passed":4,"failed":0}, "pid":1683223}
{"timestamp":"2026-03-20T01:38:42.889Z","toolName":"test-runner","level":"info","action":"test-run-start","status":"info","details":{"mode":"all"},"pid":1683820}
{"timestamp":"2026-03-20T01:38:42.892Z","toolName":"test-runner","level":"info","action":"discover-tools","status":"info","details":{"toolsFound":4,"tools":["launcher.html","network-mapper.html","network-scanner.py","onboarding-form.html"]},"pid":1683820}
{"timestamp":"2026-03-20T01:38:42.893Z","toolName":"test-runner","level":"debug","action":"test-start","status":"info","details":{"file":"launcher.html"},"pid":1683820}
{"timestamp":"2026-03-20T01:38:42.894Z","toolName":"test-runner","level":"info","action":"test-complete","status":"success","details":{"file":"launcher.html","checks":{"fileSize":34153,"lines":983,"hasDoctype":true,"hasHtmlTag":true,"hasHeadTag":true,"hasBodyTag":true,"hasTitle":true,"openTags":93,"closeTags":81,"hasScripts":true}},"pid":1683820}
{"timestamp":"2026-03-20T01:38:42.894Z","toolName":"test-runner","level":"debug","action":"test-start","status":"info","details":{"file":"network-mapper.html"},"pid":1683820}
{"timestamp":"2026-03-20T01:38:42.894Z","toolName":"test-runner","level":"info","action":"test-complete","status":"success","details":{"file":"network-mapper.html","checks":{"fileSize":26463,"lines":718,"hasDoctype":true,"hasHtmlTag":true,"hasHeadTag":true,"hasBodyTag":true,"hasTitle":true,"openTags":100,"closeTags":57,"hasScripts":true}},"pid":1683820}
{"timestamp":"2026-03-20T01:38:42.894Z","toolName":"test-runner","level":"debug","action":"test-start","status":"info","details":{"file":"network-scanner.py"},"pid":1683820}
{"timestamp":"2026-03-20T01:38:42.932Z","toolName":"test-runner","level":"info","action":"test-complete","status":"success","details":{"file":"network-scanner.py","checks":{"fileSize":17325,"lines":504,"syntaxValid":true,"hasShebang":true,"importCount":11,"imports":["import os","import sys","import json","import socket","import subprocess","import ipaddress","import threading","import time","from collections import defaultdict","from datetime import datetime"],"hasOs":true,"hasPathlib":false,"hasMainGuard":true}},"pid":1683820}
{"timestamp":"2026-03-20T01:38:42.932Z","toolName":"test-runner","level":"debug","action":"test-start","status":"info","details":{"file":"onboarding-form.html"},"pid":1683820}
{"timestamp":"2026-03-20T01:38:42.933Z","toolName":"test-runner","level":"info","action":"test-complete","status":"success","details":{"file":"onboarding-form.html","checks":{"fileSize":17473,"lines":581,"hasDoctype":true,"hasHtmlTag":true,"hasHeadTag":true,"hasBodyTag":true,"hasTitle":true,"openTags":191,"closeTags":159,"hasScripts":true}},"pid":1683820}
{"timestamp":"2026-03-20T01:38:42.933Z","toolName":"test-runner","level":"info","action":"test-run-complete","status":"info","details":{"total":4,"passed":4,"failed":0,"errors":[],"warnings":["Tag mismatch detected: 93 opening, 81 closing","Tag mismatch detected: 100 opening, 57 closing","Potential error logging found in scripts","Tag mismatch detected: 191 opening, 159 closing"]},"pid":1683820}
{"timestamp":"2026-03-20T01:38:42.934Z","toolName":"test-runner","level":"info","action":"report-saved","status":"info","details":{"path":"/root/.openclaw/workspace/logs/2026-03-20/test-report.txt"},"pid":1683820}
{"timestamp":"2026-03-20T01:38:43.034Z","toolName":"example-tool","level":"info","action":"tool-initialize-start","status":"info","details":{"version":"1.0.0","environment":"development"},"pid":1683841}
{"timestamp":"2026-03-20T01:38:43.044Z","toolName":"example-tool","level":"debug","action":"config-load-start","status":"info","details":{"source":"environment"},"pid":1683841}
{"timestamp":"2026-03-20T01:38:43.045Z","toolName":"example-tool","level":"info","action":"config-load-complete","status":"success","details":{"config":{"apiEndpoint":"http://localhost:3000","timeout":5000,"retries":3}},"pid":1683841}
{"timestamp":"2026-03-20T01:38:43.046Z","toolName":"example-tool","level":"info","action":"tool-initialize-complete","status":"success","details":{"configLoaded":true},"pid":1683841}
{"timestamp":"2026-03-20T01:38:43.046Z","toolName":"example-tool","level":"info","action":"process-start","status":"info","details":{"input":"test input data","config":{"apiEndpoint":"http://localhost:3000","timeout":5000,"retries":3}},"pid":1683841}
{"timestamp":"2026-03-20T01:38:43.047Z","toolName":"example-tool","level":"debug","action":"input-validated","status":"info","details":{"inputLength":15},"pid":1683841}
{"timestamp":"2026-03-20T01:38:43.047Z","toolName":"example-tool","level":"debug","action":"work-start","status":"info","details":{"input":"test input data"},"pid":1683841}
{"timestamp":"2026-03-20T01:38:43.149Z","toolName":"example-tool","level":"info","action":"work-complete","status":"success","details":{"input":"test input data","output":"processed: test input data"},"pid":1683841}
{"timestamp":"2026-03-20T01:38:43.149Z","toolName":"example-tool","level":"info","action":"process-complete","status":"success","details":{"input":"test input data","result":"Processed: test input data","durationMs":103},"pid":1683841}
{"timestamp":"2026-03-20T01:38:43.150Z","toolName":"example-tool","level":"info","action":"process-start","status":"info","details":{"input":"operation 1","config":{"apiEndpoint":"http://localhost:3000","timeout":5000,"retries":3}},"pid":1683841}
{"timestamp":"2026-03-20T01:38:43.150Z","toolName":"example-tool","level":"debug","action":"input-validated","status":"info","details":{"inputLength":11},"pid":1683841}
{"timestamp":"2026-03-20T01:38:43.150Z","toolName":"example-tool","level":"debug","action":"work-start","status":"info","details":{"input":"operation 1"},"pid":1683841}
{"timestamp":"2026-03-20T01:38:43.251Z","toolName":"example-tool","level":"info","action":"work-complete","status":"success","details":{"input":"operation 1","output":"processed: operation 1"},"pid":1683841}
{"timestamp":"2026-03-20T01:38:43.251Z","toolName":"example-tool","level":"info","action":"process-complete","status":"success","details":{"input":"operation 1","result":"Processed: operation 1","durationMs":101},"pid":1683841}
{"timestamp":"2026-03-20T01:38:43.251Z","toolName":"example-tool","level":"info","action":"process-start","status":"info","details":{"input":"operation 2","config":{"apiEndpoint":"http://localhost:3000","timeout":5000,"retries":3}},"pid":1683841}
{"timestamp":"2026-03-20T01:38:43.251Z","toolName":"example-tool","level":"debug","action":"input-validated","status":"info","details":{"inputLength":11},"pid":1683841}
{"timestamp":"2026-03-20T01:38:43.251Z","toolName":"example-tool","level":"debug","action":"work-start","status":"info","details":{"input":"operation 2"},"pid":1683841}
{"timestamp":"2026-03-20T01:38:43.352Z","toolName":"example-tool","level":"warn","action":"work-slow","status":"warn","details":{"delayMs":150},"pid":1683841}
{"timestamp":"2026-03-20T01:38:43.352Z","toolName":"example-tool","level":"info","action":"work-complete","status":"success","details":{"input":"operation 2","output":"processed: operation 2"},"pid":1683841}
{"timestamp":"2026-03-20T01:38:43.353Z","toolName":"example-tool","level":"info","action":"process-complete","status":"success","details":{"input":"operation 2","result":"Processed: operation 2","durationMs":102},"pid":1683841}
{"timestamp":"2026-03-20T01:38:43.353Z","toolName":"example-tool","level":"info","action":"process-start","status":"info","details":{"input":"operation 3","config":{"apiEndpoint":"http://localhost:3000","timeout":5000,"retries":3}},"pid":1683841}
{"timestamp":"2026-03-20T01:38:43.353Z","toolName":"example-tool","level":"debug","action":"input-validated","status":"info","details":{"inputLength":11},"pid":1683841}
{"timestamp":"2026-03-20T01:38:43.353Z","toolName":"example-tool","level":"debug","action":"work-start","status":"info","details":{"input":"operation 3"},"pid":1683841}
{"timestamp":"2026-03-20T01:38:43.454Z","toolName":"example-tool","level":"info","action":"work-complete","status":"success","details":{"input":"operation 3","output":"processed: operation 3"},"pid":1683841}
{"timestamp":"2026-03-20T01:38:43.454Z","toolName":"example-tool","level":"info","action":"process-complete","status":"success","details":{"input":"operation 3","result":"Processed: operation 3","durationMs":101},"pid":1683841}
{"timestamp":"2026-03-20T01:38:43.455Z","toolName":"example-tool","level":"info","action":"tool-shutdown-start","status":"info","details":{},"pid":1683841}
{"timestamp":"2026-03-20T01:38:43.455Z","toolName":"example-tool","level":"info","action":"tool-shutdown-complete","status":"success","details":{"uptime":0.48859346},"pid":1683841}
{"timestamp":"2026-03-20T01:38:46.902Z","toolName":"example-tool","level":"info","action":"tool-initialize-start","status":"info","details":{"version":"1.0.0","environment":"development"},"pid":1683892}
{"timestamp":"2026-03-20T01:38:46.918Z","toolName":"example-tool","level":"debug","action":"config-load-start","status":"info","details":{"source":"environment"},"pid":1683892}
{"timestamp":"2026-03-20T01:38:46.918Z","toolName":"example-tool","level":"info","action":"config-load-complete","status":"success","details":{"config":{"apiEndpoint":"http://localhost:3000","timeout":5000,"retries":3}},"pid":1683892}
{"timestamp":"2026-03-20T01:38:46.919Z","toolName":"example-tool","level":"info","action":"tool-initialize-complete","status":"success","details":{"configLoaded":true},"pid":1683892}
{"timestamp":"2026-03-20T01:38:46.919Z","toolName":"example-tool","level":"info","action":"process-start","status":"info","details":{"input":"test input data","config":{"apiEndpoint":"http://localhost:3000","timeout":5000,"retries":3}},"pid":1683892}
{"timestamp":"2026-03-20T01:38:46.919Z","toolName":"example-tool","level":"debug","action":"input-validated","status":"info","details":{"inputLength":15},"pid":1683892}
{"timestamp":"2026-03-20T01:38:46.920Z","toolName":"example-tool","level":"debug","action":"work-start","status":"info","details":{"input":"test input data"},"pid":1683892}
{"timestamp":"2026-03-20T01:38:47.021Z","toolName":"example-tool","level":"info","action":"work-complete","status":"success","details":{"input":"test input data","output":"processed: test input data"},"pid":1683892}
{"timestamp":"2026-03-20T01:38:47.022Z","toolName":"example-tool","level":"info","action":"process-complete","status":"success","details":{"input":"test input data","result":"Processed: test input data","durationMs":103},"pid":1683892}
{"timestamp":"2026-03-20T01:38:47.022Z","toolName":"example-tool","level":"info","action":"process-start","status":"info","details":{"input":"operation 1","config":{"apiEndpoint":"http://localhost:3000","timeout":5000,"retries":3}},"pid":1683892}
{"timestamp":"2026-03-20T01:38:47.022Z","toolName":"example-tool","level":"debug","action":"input-validated","status":"info","details":{"inputLength":11},"pid":1683892}
{"timestamp":"2026-03-20T01:38:47.022Z","toolName":"example-tool","level":"debug","action":"work-start","status":"info","details":{"input":"operation 1"},"pid":1683892}
{"timestamp":"2026-03-20T01:38:47.123Z","toolName":"example-tool","level":"info","action":"work-complete","status":"success","details":{"input":"operation 1","output":"processed: operation 1"},"pid":1683892}
{"timestamp":"2026-03-20T01:38:47.123Z","toolName":"example-tool","level":"info","action":"process-complete","status":"success","details":{"input":"operation 1","result":"Processed: operation 1","durationMs":101},"pid":1683892}
{"timestamp":"2026-03-20T01:38:47.123Z","toolName":"example-tool","level":"info","action":"process-start","status":"info","details":{"input":"operation 2","config":{"apiEndpoint":"http://localhost:3000","timeout":5000,"retries":3}},"pid":1683892}
{"timestamp":"2026-03-20T01:38:47.123Z","toolName":"example-tool","level":"debug","action":"input-validated","status":"info","details":{"inputLength":11},"pid":1683892}
{"timestamp":"2026-03-20T01:38:47.123Z","toolName":"example-tool","level":"debug","action":"work-start","status":"info","details":{"input":"operation 2"},"pid":1683892}
{"timestamp":"2026-03-20T01:38:47.224Z","toolName":"example-tool","level":"warn","action":"work-slow","status":"warn","details":{"delayMs":150},"pid":1683892}
{"timestamp":"2026-03-20T01:38:47.224Z","toolName":"example-tool","level":"info","action":"work-complete","status":"success","details":{"input":"operation 2","output":"processed: operation 2"},"pid":1683892}
{"timestamp":"2026-03-20T01:38:47.224Z","toolName":"example-tool","level":"info","action":"process-complete","status":"success","details":{"input":"operation 2","result":"Processed: operation 2","durationMs":101},"pid":1683892}
{"timestamp":"2026-03-20T01:38:47.225Z","toolName":"example-tool","level":"info","action":"process-start","status":"info","details":{"input":"operation 3","config":{"apiEndpoint":"http://localhost:3000","timeout":5000,"retries":3}},"pid":1683892}
{"timestamp":"2026-03-20T01:38:47.225Z","toolName":"example-tool","level":"debug","action":"input-validated","status":"info","details":{"inputLength":11},"pid":1683892}
{"timestamp":"2026-03-20T01:38:47.225Z","toolName":"example-tool","level":"debug","action":"work-start","status":"info","details":{"input":"operation 3"},"pid":1683892}
{"timestamp":"2026-03-20T01:38:47.325Z","toolName":"example-tool","level":"info","action":"work-complete","status":"success","details":{"input":"operation 3","output":"processed: operation 3"},"pid":1683892}
{"timestamp":"2026-03-20T01:38:47.326Z","toolName":"example-tool","level":"info","action":"process-complete","status":"success","details":{"input":"operation 3","result":"Processed: operation 3","durationMs":101},"pid":1683892}
{"timestamp":"2026-03-20T01:38:47.326Z","toolName":"example-tool","level":"info","action":"tool-shutdown-start","status":"info","details":{},"pid":1683892}
{"timestamp":"2026-03-20T01:38:47.326Z","toolName":"example-tool","level":"info","action":"tool-shutdown-complete","status":"success","details":{"uptime":0.49730327},"pid":1683892}
